127.0.0.1 - - [12/May/2017:11:23:21 +0800] "POST /marksystem/rest/mark/login HTTP/1.0" 200 235 http-bio-8080-exec-1 3255
0:0:0:0:0:0:0:1 - - [12/May/2017:13:46:12 +0800] "GET /marksystem/rest/mark/loadCourseVO/?tcode=1310107009 HTTP/1.0" 200 1732 http-bio-8080-exec-2 4799
127.0.0.1 - - [12/May/2017:13:46:38 +0800] "POST /marksystem/rest/mark/saveCourse HTTP/1.0" 200 1730 http-bio-8080-exec-3 2534
0:0:0:0:0:0:0:1 - - [12/May/2017:13:46:59 +0800] "POST /marksystem/rest/mark/saveCourse HTTP/1.0" 200 1730 http-bio-8080-exec-4 158
127.0.0.1 - - [12/May/2017:13:53:00 +0800] "GET /marksystem/rest/mark/loadStudentVO/?userCode=1310107009 HTTP/1.0" 200 348 http-bio-8080-exec-5 156
0:0:0:0:0:0:0:1 - - [12/May/2017:13:54:58 +0800] "GET /marksystem/rest/mark/loadStudentVO/?userCode=1310107009 HTTP/1.0" 200 348 http-bio-8080-exec-6 16
127.0.0.1 - - [12/May/2017:13:56:31 +0800] "GET /marksystem/rest/mark/loadCourseVO/?tcode=1310107009 HTTP/1.0" 200 1732 http-bio-8080-exec-7 21
0:0:0:0:0:0:0:1 - - [12/May/2017:14:09:32 +0800] "GET /marksystem/rest/mark/loadCourseVO/?tcode=1310107009 HTTP/1.0" 200 1732 http-bio-8080-exec-8 355
127.0.0.1 - - [12/May/2017:15:12:10 +0800] "POST /marksystem/rest/mark/uploadTask HTTP/1.0" 204 - http-bio-8080-exec-1 412
0:0:0:0:0:0:0:1 - - [12/May/2017:15:14:29 +0800] "POST /marksystem/rest/mark/uploadTask HTTP/1.0" 204 - http-bio-8080-exec-2 82021
127.0.0.1 - - [12/May/2017:15:38:12 +0800] "POST /marksystem/rest/mark/uploadTask HTTP/1.0" 204 - http-bio-8080-exec-3 218
127.0.0.1 - - [12/May/2017:15:50:29 +0800] "POST /marksystem/rest/mark/uploadTask HTTP/1.0" 500 4194 http-bio-8080-exec-4 1705
0:0:0:0:0:0:0:1 - - [12/May/2017:15:51:31 +0800] "POST /marksystem/rest/mark/uploadTask HTTP/1.0" 500 4194 http-bio-8080-exec-5 746
127.0.0.1 - - [12/May/2017:15:59:55 +0800] "POST /marksystem/rest/mark/uploadTask HTTP/1.0" 204 - http-bio-8080-exec-6 4020
0:0:0:0:0:0:0:1 - - [12/May/2017:16:34:25 +0800] "POST /marksystem/rest/mark/uploadTask HTTP/1.0" 200 43 http-bio-8080-exec-1 859
127.0.0.1 - - [12/May/2017:16:35:19 +0800] "POST /marksystem/rest/mark/uploadTask HTTP/1.0" 200 43 http-bio-8080-exec-2 14
0:0:0:0:0:0:0:1 - - [12/May/2017:16:39:06 +0800] "POST /marksystem/rest/mark/uploadTask HTTP/1.0" 200 83 http-bio-8080-exec-1 793
127.0.0.1 - - [12/May/2017:16:42:19 +0800] "POST /marksystem/rest/mark/uploadTask HTTP/1.0" 200 83 http-bio-8080-exec-2 16
0:0:0:0:0:0:0:1 - - [12/May/2017:16:45:18 +0800] "POST /marksystem/rest/mark/uploadTask HTTP/1.0" 200 83 http-bio-8080-exec-3 18
127.0.0.1 - - [12/May/2017:17:31:13 +0800] "GET /marksystem/rest/mark/loadTask/?tcode=1310107009 HTTP/1.0" 500 24619 http-bio-8080-exec-1 2683
0:0:0:0:0:0:0:1 - - [12/May/2017:17:31:48 +0800] "GET /marksystem/rest/mark/loadTask/?tcode=1310107009 HTTP/1.0" 500 11930 http-bio-8080-exec-2 312
127.0.0.1 - - [12/May/2017:17:34:44 +0800] "GET /marksystem/rest/mark/loadTask/?tcode=1310107009 HTTP/1.0" 200 2 http-bio-8080-exec-1 1436
0:0:0:0:0:0:0:1 - - [12/May/2017:18:24:12 +0800] "POST /marksystem/rest/mark/uploadTask HTTP/1.0" 200 97 http-bio-8080-exec-2 660
127.0.0.1 - - [12/May/2017:18:26:13 +0800] "GET /marksystem/rest/mark/loadTask/?tcode=1310107009 HTTP/1.0" 200 2 http-bio-8080-exec-3 537
0:0:0:0:0:0:0:1 - - [12/May/2017:18:26:26 +0800] "POST /marksystem/rest/mark/uploadTask HTTP/1.0" 200 97 http-bio-8080-exec-4 26
127.0.0.1 - - [12/May/2017:18:26:31 +0800] "POST /marksystem/rest/mark/saveTask HTTP/1.0" 500 10060 http-bio-8080-exec-5 447
0:0:0:0:0:0:0:1 - - [12/May/2017:18:27:56 +0800] "POST /marksystem/rest/mark/saveTask HTTP/1.0" 400 370 http-bio-8080-exec-1 753
127.0.0.1 - - [12/May/2017:18:29:12 +0800] "GET /marksystem/rest/mark/loadTask/?tcode=1310107009 HTTP/1.0" 200 2 http-bio-8080-exec-2 834
0:0:0:0:0:0:0:1 - - [12/May/2017:18:29:21 +0800] "POST /marksystem/rest/mark/uploadTask HTTP/1.0" 200 96 http-bio-8080-exec-3 136
127.0.0.1 - - [12/May/2017:18:29:26 +0800] "POST /marksystem/rest/mark/saveTask HTTP/1.0" 200 98 http-bio-8080-exec-4 148
0:0:0:0:0:0:0:1 - - [12/May/2017:18:32:26 +0800] "GET /marksystem/rest/mark/loadTask/?tcode=1310107009 HTTP/1.0" 200 2 http-bio-8080-exec-5 10
127.0.0.1 - - [12/May/2017:18:33:19 +0800] "GET /marksystem/rest/mark/loadTask/?tcode=1310107009 HTTP/1.0" 200 2 http-bio-8080-exec-6 11
0:0:0:0:0:0:0:1 - - [12/May/2017:18:33:57 +0800] "GET /marksystem/rest/mark/loadTask/?tcode=1310107009 HTTP/1.0" 200 2 http-bio-8080-exec-7 12
127.0.0.1 - - [12/May/2017:18:35:40 +0800] "GET /marksystem/rest/mark/loadTask/?tcode=1310107009 HTTP/1.0" 200 2 http-bio-8080-exec-8 72821
0:0:0:0:0:0:0:1 - - [12/May/2017:18:35:53 +0800] "GET /marksystem/rest/mark/loadTask/?tcode=1310107009 HTTP/1.0" 200 2 http-bio-8080-exec-9 26265
0:0:0:0:0:0:0:1 - - [12/May/2017:18:36:21 +0800] "GET /marksystem/rest/mark/loadTask/?tcode=1310107009 HTTP/1.0" 200 2 http-bio-8080-exec-10 12060
0:0:0:0:0:0:0:1 - - [12/May/2017:18:38:13 +0800] "GET /marksystem/rest/mark/loadTask/?tcode=1310107009 HTTP/1.0" 200 2 http-bio-8080-exec-1 89367
127.0.0.1 - - [12/May/2017:18:38:14 +0800] "GET /marksystem/rest/mark/loadTask/?tcode=1310107009 HTTP/1.0" 200 2 http-bio-8080-exec-2 30746
127.0.0.1 - - [12/May/2017:18:44:35 +0800] "GET /marksystem/rest/mark/loadTask/?tcode=1310107009 HTTP/1.0" 500 24618 http-bio-8080-exec-1 8142
0:0:0:0:0:0:0:1 - - [12/May/2017:18:45:05 +0800] "GET /marksystem/rest/mark/loadTask/?tcode=1310107009 HTTP/1.0" 200 115 http-bio-8080-exec-2 3996
127.0.0.1 - - [12/May/2017:18:46:28 +0800] "GET /marksystem/rest/mark/loadTask/?tcode=1310107009 HTTP/1.0" 200 115 http-bio-8080-exec-3 3085
0:0:0:0:0:0:0:1 - - [12/May/2017:19:04:30 +0800] "GET /marksystem/rest/mark/loadTask/?tcode=1310107009 HTTP/1.0" 200 115 http-bio-8080-exec-4 42
127.0.0.1 - - [12/May/2017:19:05:13 +0800] "GET /marksystem/rest/mark/loadTask/?tcode=1310107009 HTTP/1.0" 200 115 http-bio-8080-exec-5 16
0:0:0:0:0:0:0:1 - - [12/May/2017:19:05:52 +0800] "GET /marksystem/rest/mark/loadTask/?tcode=1310107009 HTTP/1.0" 200 115 http-bio-8080-exec-6 14
127.0.0.1 - - [12/May/2017:19:44:56 +0800] "GET /marksystem/rest/mark/loadTask/?tcode=1310107009 HTTP/1.0" 200 115 http-bio-8080-exec-7 1110
0:0:0:0:0:0:0:1 - - [12/May/2017:19:46:25 +0800] "GET /marksystem/rest/mark/loadTask/?tcode=1310107009 HTTP/1.0" 200 115 http-bio-8080-exec-8 244
127.0.0.1 - - [12/May/2017:19:48:34 +0800] "GET /marksystem/rest/mark/loadTask/?tcode=1310107009 HTTP/1.0" 200 115 http-bio-8080-exec-9 572
0:0:0:0:0:0:0:1 - - [12/May/2017:19:53:25 +0800] "GET /marksystem/rest/mark/loadTask/?tcode=1310107009 HTTP/1.0" 200 115 http-bio-8080-exec-10 25
127.0.0.1 - - [12/May/2017:19:55:42 +0800] "POST /marksystem/rest/mark/saveTask HTTP/1.0" 400 379 http-bio-8080-exec-1 4173
0:0:0:0:0:0:0:1 - - [12/May/2017:19:56:20 +0800] "GET /marksystem/rest/mark/loadTask/?tcode=1310107009 HTTP/1.0" 200 115 http-bio-8080-exec-2 59
127.0.0.1 - - [12/May/2017:19:56:32 +0800] "POST /marksystem/rest/mark/uploadTask HTTP/1.0" 200 88 http-bio-8080-exec-3 1230
0:0:0:0:0:0:0:1 - - [12/May/2017:19:56:39 +0800] "POST /marksystem/rest/mark/saveTask HTTP/1.0" 200 206 http-bio-8080-exec-4 677
127.0.0.1 - - [12/May/2017:19:59:08 +0800] "GET /marksystem/rest/mark/loadTask/?tcode=1310107009 HTTP/1.0" 200 116 http-bio-8080-exec-5 13
0:0:0:0:0:0:0:1 - - [12/May/2017:19:59:58 +0800] "GET /marksystem/rest/mark/loadTask/?tcode=1310107009 HTTP/1.0" 200 116 http-bio-8080-exec-6 12
127.0.0.1 - - [12/May/2017:20:00:45 +0800] "GET /marksystem/rest/mark/loadTask/?tcode=1310107009 HTTP/1.0" 200 116 http-bio-8080-exec-7 17
0:0:0:0:0:0:0:1 - - [12/May/2017:20:02:22 +0800] "GET /marksystem/rest/mark/loadTask/?tcode=1310107009 HTTP/1.0" 200 116 http-bio-8080-exec-8 16
127.0.0.1 - - [12/May/2017:20:02:51 +0800] "GET /marksystem/rest/mark/loadTask/?tcode=1310107009 HTTP/1.0" 200 116 http-bio-8080-exec-9 13
0:0:0:0:0:0:0:1 - - [12/May/2017:20:04:06 +0800] "GET /marksystem/rest/mark/loadTask/?tcode=1310107009 HTTP/1.0" 200 116 http-bio-8080-exec-10 16
127.0.0.1 - - [12/May/2017:20:04:31 +0800] "POST /marksystem/rest/mark/uploadTask HTTP/1.0" 200 93 http-bio-8080-exec-1 18
0:0:0:0:0:0:0:1 - - [12/May/2017:20:04:42 +0800] "POST /marksystem/rest/mark/saveTask HTTP/1.0" 200 211 http-bio-8080-exec-2 60
127.0.0.1 - - [12/May/2017:20:05:05 +0800] "GET /marksystem/rest/mark/loadTask/?tcode=1310107009 HTTP/1.0" 200 116 http-bio-8080-exec-3 11
0:0:0:0:0:0:0:1 - - [12/May/2017:20:06:57 +0800] "POST /marksystem/rest/mark/uploadTask HTTP/1.0" 200 93 http-bio-8080-exec-4 6796
127.0.0.1 - - [12/May/2017:20:07:51 +0800] "POST /marksystem/rest/mark/saveTask HTTP/1.0" 200 211 http-bio-8080-exec-5 43363
0:0:0:0:0:0:0:1 - - [12/May/2017:20:09:12 +0800] "GET /marksystem/rest/mark/loadTask/?tcode=1310107009 HTTP/1.0" 200 116 http-bio-8080-exec-6 4378
127.0.0.1 - - [12/May/2017:20:09:28 +0800] "POST /marksystem/rest/mark/uploadTask HTTP/1.0" 200 93 http-bio-8080-exec-7 4093
0:0:0:0:0:0:0:1 - - [12/May/2017:20:10:32 +0800] "GET /marksystem/rest/mark/loadTask/?tcode=1310107009 HTTP/1.0" 200 116 http-bio-8080-exec-8 12700
127.0.0.1 - - [12/May/2017:20:10:47 +0800] "POST /marksystem/rest/mark/uploadTask HTTP/1.0" 200 93 http-bio-8080-exec-9 3835
0:0:0:0:0:0:0:1 - - [12/May/2017:20:12:22 +0800] "POST /marksystem/rest/mark/saveTask HTTP/1.0" 200 218 http-bio-8080-exec-10 90865
127.0.0.1 - - [12/May/2017:20:13:35 +0800] "GET /marksystem/rest/mark/loadTask/?tcode=1310107009 HTTP/1.0" 200 227 http-bio-8080-exec-1 5690
127.0.0.1 - - [12/May/2017:20:13:56 +0800] "GET /marksystem/rest/mark/loadTask/?tcode=1310107009 HTTP/1.0" 200 558 http-bio-8080-exec-2 29
0:0:0:0:0:0:0:1 - - [12/May/2017:20:14:36 +0800] "POST /marksystem/rest/mark/uploadTask HTTP/1.0" 200 93 http-bio-8080-exec-3 27
127.0.0.1 - - [12/May/2017:20:15:12 +0800] "POST /marksystem/rest/mark/saveTask HTTP/1.0" 200 662 http-bio-8080-exec-4 27257
0:0:0:0:0:0:0:1 - - [12/May/2017:20:15:48 +0800] "GET /marksystem/rest/mark/loadStudentVO/?userCode=1310107009 HTTP/1.0" 200 348 http-bio-8080-exec-5 233
127.0.0.1 - - [12/May/2017:20:16:33 +0800] "POST /marksystem/rest/mark/saveStudentVO HTTP/1.0" 200 595 http-bio-8080-exec-6 4526
0:0:0:0:0:0:0:1 - - [12/May/2017:20:17:24 +0800] "POST /marksystem/rest/mark/saveStudentVO HTTP/1.0" 200 595 http-bio-8080-exec-7 90
127.0.0.1 - - [12/May/2017:20:21:19 +0800] "GET /marksystem/rest/mark/loadTask/?tcode=1310107009 HTTP/1.0" 200 671 http-bio-8080-exec-1 1578
0:0:0:0:0:0:0:1 - - [12/May/2017:20:21:35 +0800] "POST /marksystem/rest/mark/uploadTask HTTP/1.0" 200 93 http-bio-8080-exec-2 134
127.0.0.1 - - [12/May/2017:20:21:44 +0800] "POST /marksystem/rest/mark/saveTask HTTP/1.0" 200 774 http-bio-8080-exec-3 254
0:0:0:0:0:0:0:1 - - [12/May/2017:20:22:14 +0800] "GET /marksystem/rest/mark/loadTask/?tcode=1310107009 HTTP/1.0" 200 783 http-bio-8080-exec-4 17
0:0:0:0:0:0:0:1 - - [12/May/2017:20:36:43 +0800] "GET /marksystem HTTP/1.1" 302 - http-bio-8080-exec-7 0
0:0:0:0:0:0:0:1 - - [12/May/2017:20:36:43 +0800] "GET /marksystem/ HTTP/1.1" 304 - http-bio-8080-exec-8 376
0:0:0:0:0:0:0:1 - - [12/May/2017:20:36:44 +0800] "GET /favicon.ico HTTP/1.1" 404 - http-bio-8080-exec-9 0
0:0:0:0:0:0:0:1 - - [12/May/2017:20:37:29 +0800] "GET /marksystem/upload/2017051220h_banner_school.gif HTTP/1.1" 200 7820 http-bio-8080-exec-1 186
0:0:0:0:0:0:0:1 - - [12/May/2017:20:41:30 +0800] "GET /marksystem HTTP/1.1" 302 - http-bio-8080-exec-5 0
127.0.0.1 - - [12/May/2017:20:43:48 +0800] "GET /marksystem/rest/mark/loadTask/?tcode=1310107009 HTTP/1.0" 200 783 http-bio-8080-exec-10 6431
0:0:0:0:0:0:0:1 - - [12/May/2017:20:44:16 +0800] "GET /marksystem/upload/1494584961377h_banner_school.gif HTTP/1.0" 200 7820 http-bio-8080-exec-6 48
127.0.0.1 - - [12/May/2017:20:48:55 +0800] "GET /marksystem/upload/20170512192562211377.jpg HTTP/1.0" 200 368264 http-bio-8080-exec-1 412
0:0:0:0:0:0:0:1 - - [12/May/2017:20:50:14 +0800] "POST /marksystem/rest/mark/uploadTask HTTP/1.0" 200 85 http-bio-8080-exec-4 4766
127.0.0.1 - - [12/May/2017:20:50:23 +0800] "POST /marksystem/rest/mark/saveTask HTTP/1.0" 200 877 http-bio-8080-exec-3 1411
0:0:0:0:0:0:0:1 - - [12/May/2017:20:50:26 +0800] "GET /marksystem/upload/2017051220course.xlsx HTTP/1.0" 200 10184 http-bio-8080-exec-2 29
127.0.0.1 - - [12/May/2017:20:56:41 +0800] "GET /marksystem/rest/mark/loadTask/?tcode=1310107009 HTTP/1.0" 200 886 http-bio-8080-exec-9 450
0:0:0:0:0:0:0:1 - - [12/May/2017:20:58:51 +0800] "GET /marksystem/rest/mark/loadTask/?tcode=1310107009 HTTP/1.0" 200 886 http-bio-8080-exec-5 27
127.0.0.1 - - [12/May/2017:20:59:19 +0800] "GET /marksystem/rest/mark/loadTask/?tcode=1310107009 HTTP/1.0" 200 886 http-bio-8080-exec-7 27
0:0:0:0:0:0:0:1 - - [12/May/2017:20:59:58 +0800] "GET /marksystem/rest/mark/loadTask/?tcode=1310107009 HTTP/1.0" 200 886 http-bio-8080-exec-8 43
127.0.0.1 - - [12/May/2017:21:01:02 +0800] "GET /marksystem/rest/mark/loadTask/?tcode=1310107009 HTTP/1.0" 200 886 http-bio-8080-exec-10 34
0:0:0:0:0:0:0:1 - - [12/May/2017:21:01:53 +0800] "GET /marksystem/rest/mark/loadTask/?tcode=1310107009 HTTP/1.0" 200 886 http-bio-8080-exec-6 39
127.0.0.1 - - [12/May/2017:21:15:45 +0800] "GET /marksystem/upload/2017051220course.xlsx HTTP/1.0" 200 10184 http-bio-8080-exec-1 4
0:0:0:0:0:0:0:1 - - [12/May/2017:21:18:33 +0800] "GET /marksystem/rest/mark/loadCourseVO/?tcode=1310107009 HTTP/1.0" 200 1732 http-bio-8080-exec-4 690
127.0.0.1 - - [12/May/2017:21:18:58 +0800] "POST /marksystem/rest/mark/saveCourse HTTP/1.0" 200 1730 http-bio-8080-exec-3 490
0:0:0:0:0:0:0:1 - - [12/May/2017:21:21:11 +0800] "GET /marksystem/rest/mark/loadCourseVO/?tcode=1310107009 HTTP/1.0" 200 1732 http-bio-8080-exec-2 64
127.0.0.1 - - [12/May/2017:21:30:36 +0800] "GET /marksystem/rest/mark/loadStudentVO/?userCode=1310107009 HTTP/1.0" 200 348 http-bio-8080-exec-9 165
0:0:0:0:0:0:0:1 - - [12/May/2017:21:33:36 +0800] "GET /marksystem/rest/mark/loadCourseVO/?tcode=1310107009 HTTP/1.0" 200 1732 http-bio-8080-exec-5 47
127.0.0.1 - - [12/May/2017:21:33:51 +0800] "GET /marksystem/rest/mark/loadStudentVO/?userCode=1310107009 HTTP/1.0" 200 348 http-bio-8080-exec-7 50
0:0:0:0:0:0:0:1 - - [12/May/2017:21:34:17 +0800] "POST /marksystem/rest/mark/queryCheckin HTTP/1.0" 200 10937 http-bio-8080-exec-8 413
127.0.0.1 - - [12/May/2017:21:39:42 +0800] "POST /marksystem/rest/mark/createRollCall HTTP/1.0" 200 2 http-bio-8080-exec-10 92
0:0:0:0:0:0:0:1 - - [12/May/2017:21:40:35 +0800] "POST /marksystem/rest/mark/createRollCall HTTP/1.0" 200 5044 http-bio-8080-exec-6 195
127.0.0.1 - - [12/May/2017:21:54:41 +0800] "POST /marksystem/rest/mark/queryCheckin HTTP/1.0" 200 10937 http-bio-8080-exec-1 161
0:0:0:0:0:0:0:1 - - [12/May/2017:21:55:18 +0800] "POST /marksystem/rest/mark/queryCheckin HTTP/1.0" 200 10937 http-bio-8080-exec-4 45
127.0.0.1 - - [12/May/2017:21:56:57 +0800] "GET /marksystem/rest/mark/loadCourseVO/?tcode=1310107009 HTTP/1.0" 200 1732 http-bio-8080-exec-3 65
0:0:0:0:0:0:0:1 - - [12/May/2017:21:57:32 +0800] "POST /marksystem/rest/mark/queryCheckin HTTP/1.0" 200 10937 http-bio-8080-exec-2 28
127.0.0.1 - - [12/May/2017:21:58:32 +0800] "GET /marksystem/rest/mark/loadTask/?tcode=1310107009 HTTP/1.0" 200 886 http-bio-8080-exec-9 109
0:0:0:0:0:0:0:1 - - [12/May/2017:22:00:31 +0800] "POST /marksystem/rest/mark/queryCheckin HTTP/1.0" 200 10937 http-bio-8080-exec-5 93
127.0.0.1 - - [12/May/2017:22:02:02 +0800] "POST /marksystem/rest/mark/queryCheckin HTTP/1.0" 200 10937 http-bio-8080-exec-7 68
0:0:0:0:0:0:0:1 - - [12/May/2017:22:03:12 +0800] "GET /marksystem/rest/mark/loadStudentVO/?userCode=1310107009 HTTP/1.0" 200 348 http-bio-8080-exec-8 39
127.0.0.1 - - [12/May/2017:22:04:34 +0800] "GET /marksystem/rest/mark/loadStudentVO/?userCode=1310107009 HTTP/1.0" 200 348 http-bio-8080-exec-10 30
0:0:0:0:0:0:0:1 - - [12/May/2017:22:05:02 +0800] "GET /marksystem/rest/mark/loadCourseVO/?tcode=1310107009 HTTP/1.0" 200 1732 http-bio-8080-exec-6 81
127.0.0.1 - - [12/May/2017:22:12:02 +0800] "GET /marksystem/rest/mark/loadCourseVO/?tcode=1310107009 HTTP/1.0" 200 1732 http-bio-8080-exec-1 465
0:0:0:0:0:0:0:1 - - [12/May/2017:22:12:32 +0800] "POST /marksystem/rest/mark/login HTTP/1.0" 200 235 http-bio-8080-exec-4 156
127.0.0.1 - - [12/May/2017:22:13:30 +0800] "POST /marksystem/rest/mark/queryCheckin HTTP/1.0" 200 10937 http-bio-8080-exec-3 159
0:0:0:0:0:0:0:1 - - [12/May/2017:22:14:14 +0800] "POST /marksystem/rest/mark/login HTTP/1.0" 200 235 http-bio-8080-exec-2 67
127.0.0.1 - - [12/May/2017:22:16:03 +0800] "POST /marksystem/rest/mark/login HTTP/1.0" 200 235 http-bio-8080-exec-9 39
0:0:0:0:0:0:0:1 - - [12/May/2017:22:19:22 +0800] "POST /marksystem/rest/mark/login HTTP/1.0" 200 235 http-bio-8080-exec-5 34
127.0.0.1 - - [12/May/2017:22:21:58 +0800] "POST /marksystem/rest/mark/login HTTP/1.0" 200 235 http-bio-8080-exec-7 57
0:0:0:0:0:0:0:1 - - [12/May/2017:22:22:08 +0800] "GET /marksystem/rest/mark/loadStudentVO/?userCode=1310107009 HTTP/1.0" 200 348 http-bio-8080-exec-8 1606
127.0.0.1 - - [12/May/2017:22:26:04 +0800] "GET /marksystem/rest/mark/loadStudentVO/?userCode=1310107009 HTTP/1.0" 200 348 http-bio-8080-exec-10 13
0:0:0:0:0:0:0:1 - - [12/May/2017:22:27:29 +0800] "GET /marksystem/rest/mark/loadStudentVO/?userCode=1310107009 HTTP/1.0" 200 348 http-bio-8080-exec-6 11
127.0.0.1 - - [12/May/2017:22:29:31 +0800] "GET /marksystem/rest/mark/loadTask/?tcode=1310107009 HTTP/1.0" 200 886 http-bio-8080-exec-1 38
0:0:0:0:0:0:0:1 - - [12/May/2017:22:32:23 +0800] "GET /marksystem/rest/mark/loadTask/?tcode=1310107009 HTTP/1.0" 200 886 http-bio-8080-exec-4 11
127.0.0.1 - - [12/May/2017:22:38:09 +0800] "GET /marksystem/rest/mark/loadTask/?tcode=1310107009 HTTP/1.0" 200 886 http-bio-8080-exec-3 12
0:0:0:0:0:0:0:1 - - [12/May/2017:22:39:36 +0800] "GET /marksystem/rest/mark/loadTask/?tcode=1310107009 HTTP/1.0" 200 886 http-bio-8080-exec-2 12
127.0.0.1 - - [12/May/2017:22:40:57 +0800] "GET /marksystem/rest/mark/loadTask/?tcode=1310107009 HTTP/1.0" 200 886 http-bio-8080-exec-9 70
0:0:0:0:0:0:0:1 - - [12/May/2017:22:41:59 +0800] "GET /marksystem/rest/mark/loadTask/?tcode=1310107009 HTTP/1.0" 200 886 http-bio-8080-exec-5 107
127.0.0.1 - - [12/May/2017:22:42:34 +0800] "GET /marksystem/rest/mark/loadTask/?tcode=1310107009 HTTP/1.0" 200 886 http-bio-8080-exec-7 10
0:0:0:0:0:0:0:1 - - [12/May/2017:22:42:53 +0800] "GET /marksystem/rest/mark/loadTask/?tcode=1310107009 HTTP/1.0" 200 886 http-bio-8080-exec-8 13
127.0.0.1 - - [12/May/2017:22:43:35 +0800] "POST /marksystem/rest/mark/login HTTP/1.0" 200 249 http-bio-8080-exec-10 57
0:0:0:0:0:0:0:1 - - [12/May/2017:22:44:46 +0800] "POST /marksystem/rest/mark/login HTTP/1.0" 200 235 http-bio-8080-exec-6 12
127.0.0.1 - - [12/May/2017:22:44:56 +0800] "GET /marksystem/rest/mark/loadCourseVO/?tcode=1310107009 HTTP/1.0" 200 1732 http-bio-8080-exec-1 46
0:0:0:0:0:0:0:1 - - [12/May/2017:22:45:16 +0800] "GET /marksystem/rest/mark/loadTask/?tcode=1310107009 HTTP/1.0" 200 886 http-bio-8080-exec-4 13
127.0.0.1 - - [12/May/2017:22:46:22 +0800] "GET /marksystem/rest/mark/loadCourseVO/?tcode=1310107009 HTTP/1.0" 200 1732 http-bio-8080-exec-3 14
0:0:0:0:0:0:0:1 - - [12/May/2017:22:49:28 +0800] "GET /marksystem/rest/mark/loadCourseVO/?tcode=1310107009 HTTP/1.0" 200 1732 http-bio-8080-exec-2 18
127.0.0.1 - - [12/May/2017:22:54:10 +0800] "POST /marksystem/rest/mark/queryCheckin HTTP/1.0" 200 10937 http-bio-8080-exec-9 97
0:0:0:0:0:0:0:1 - - [12/May/2017:22:57:58 +0800] "POST /marksystem/rest/mark/queryCheckin HTTP/1.0" 200 10937 http-bio-8080-exec-5 66
127.0.0.1 - - [12/May/2017:22:58:15 +0800] "GET /marksystem/rest/mark/loadCourseVO/?tcode=1310107009 HTTP/1.0" 200 1732 http-bio-8080-exec-7 23
0:0:0:0:0:0:0:1 - - [12/May/2017:22:58:50 +0800] "POST /marksystem/rest/mark/queryCheckin HTTP/1.0" 200 10937 http-bio-8080-exec-8 64
127.0.0.1 - - [12/May/2017:23:07:03 +0800] "GET /marksystem/rest/mark/loadCourseVO/?tcode=1310107009 HTTP/1.0" 200 1732 http-bio-8080-exec-10 65
0:0:0:0:0:0:0:1 - - [12/May/2017:23:07:58 +0800] "POST /marksystem/rest/mark/queryCheckin HTTP/1.0" 200 10937 http-bio-8080-exec-6 48
127.0.0.1 - - [12/May/2017:23:13:18 +0800] "POST /marksystem/rest/mark/queryCheckin HTTP/1.0" 200 10937 http-bio-8080-exec-1 216
0:0:0:0:0:0:0:1 - - [12/May/2017:23:15:26 +0800] "GET /marksystem/rest/mark/loadTask/?tcode=1310107009 HTTP/1.0" 200 886 http-bio-8080-exec-4 185
127.0.0.1 - - [12/May/2017:23:16:29 +0800] "POST /marksystem/rest/mark/queryCheckin HTTP/1.0" 200 10937 http-bio-8080-exec-3 98
0:0:0:0:0:0:0:1 - - [12/May/2017:23:20:34 +0800] "POST /marksystem/rest/mark/queryCheckin HTTP/1.0" 200 10937 http-bio-8080-exec-2 88
127.0.0.1 - - [12/May/2017:23:22:45 +0800] "POST /marksystem/rest/mark/queryCheckin HTTP/1.0" 200 10937 http-bio-8080-exec-9 95
